nohup: ignorando entrada

> ui@1.0.0 dev
> vite


  VITE v8.0.1  ready in 2559 ms

  ➜  Local:   http://localhost:5173/
  ➜  Network: use --host to expose
17:25:19 [vite] (client) [console.warn] [React Flow]: It looks like you've created a new nodeTypes or edgeTypes object. If this wasn't on purpose please define the nodeTypes/edgeTypes outside of the component or memoize them. Help: https://reactflow.dev/error#002
17:25:19 [vite] (client) [console.warn] [React Flow]: It looks like you've created a new nodeTypes or edgeTypes object. If this wasn't on purpose please define the nodeTypes/edgeTypes outside of the component or memoize them. Help: https://reactflow.dev/error#002
17:25:25 [vite] (client) [Unhandled error] Error: ResizeObserver loop completed with undelivered notifications.
 > ../../../../../../@vite/client:516:55

17:25:25 [vite] (client) [Unhandled error] Error: ResizeObserver loop completed with undelivered notifications.
 > ../../../../../../@vite/client:516:55

17:25:25 [vite] (client) [Unhandled error] Error: ResizeObserver loop completed with undelivered notifications.
 > ../../../../../../@vite/client:516:55

17:25:25 [vite] (client) [Unhandled error] Error: ResizeObserver loop completed with undelivered notifications.
 > ../../../../../../@vite/client:516:55

17:25:25 [vite] (client) [Unhandled error] Error: ResizeObserver loop completed with undelivered notifications.
 > ../../../../../../@vite/client:516:55

17:25:25 [vite] (client) [Unhandled error] Error: ResizeObserver loop completed with undelivered notifications.
 > ../../../../../../@vite/client:516:55

17:25:25 [vite] (client) [Unhandled error] Error: ResizeObserver loop completed with undelivered notifications.
 > ../../../../../../@vite/client:516:55

17:25:25 [vite] (client) [Unhandled error] Error: ResizeObserver loop completed with undelivered notifications.
 > ../../../../../../@vite/client:516:55

17:25:25 [vite] (client) [Unhandled error] Error: ResizeObserver loop completed with undelivered notifications.
 > ../../../../../../@vite/client:516:55

17:25:25 [vite] (client) [Unhandled error] Error: ResizeObserver loop completed with undelivered notifications.
 > ../../../../../../@vite/client:516:55

17:25:25 [vite] (client) [Unhandled error] Error: ResizeObserver loop completed with undelivered notifications.
 > ../../../../../../@vite/client:516:55

17:25:25 [vite] (client) [Unhandled error] Error: ResizeObserver loop completed with undelivered notifications.
 > ../../../../../../@vite/client:516:55

17:25:25 [vite] (client) [Unhandled error] Error: ResizeObserver loop completed with undelivered notifications.
 > ../../../../../../@vite/client:516:55

17:25:26 [vite] (client) [Unhandled error] Error: ResizeObserver loop completed with undelivered notifications.
 > ../../../../../../@vite/client:516:55

17:25:26 [vite] (client) [Unhandled error] Error: ResizeObserver loop completed with undelivered notifications.
 > ../../../../../../@vite/client:516:55

17:25:26 [vite] (client) [Unhandled error] Error: ResizeObserver loop completed with undelivered notifications.
 > ../../../../../../@vite/client:516:55

17:25:26 [vite] (client) [Unhandled error] Error: ResizeObserver loop completed with undelivered notifications.
 > ../../../../../../@vite/client:516:55

17:25:26 [vite] (client) [Unhandled error] Error: ResizeObserver loop completed with undelivered notifications.
 > ../../../../../../@vite/client:516:55

17:25:26 [vite] (client) [Unhandled error] Error: ResizeObserver loop completed with undelivered notifications.
 > ../../../../../../@vite/client:516:55

17:25:26 [vite] (client) [Unhandled error] Error: ResizeObserver loop completed with undelivered notifications.
 > ../../../../../../@vite/client:516:55

17:25:26 [vite] (client) [Unhandled error] Error: ResizeObserver loop completed with undelivered notifications.
 > ../../../../../../@vite/client:516:55

17:25:26 [vite] (client) [Unhandled error] Error: ResizeObserver loop completed with undelivered notifications.
 > ../../../../../../@vite/client:516:55

17:25:26 [vite] (client) [Unhandled error] Error: ResizeObserver loop completed with undelivered notifications.
 > ../../../../../../@vite/client:516:55

17:25:26 [vite] (client) [Unhandled error] Error: ResizeObserver loop completed with undelivered notifications.
 > ../../../../../../@vite/client:516:55

17:25:26 [vite] (client) [Unhandled error] Error: ResizeObserver loop completed with undelivered notifications.
 > ../../../../../../@vite/client:516:55

17:25:26 [vite] (client) [Unhandled error] Error: ResizeObserver loop completed with undelivered notifications.
 > ../../../../../../@vite/client:516:55

17:25:26 [vite] (client) [Unhandled error] Error: ResizeObserver loop completed with undelivered notifications.
 > ../../../../../../@vite/client:516:55

17:25:26 [vite] (client) [Unhandled error] Error: ResizeObserver loop completed with undelivered notifications.
 > ../../../../../../@vite/client:516:55

17:25:26 [vite] (client) [Unhandled error] Error: ResizeObserver loop completed with undelivered notifications.
 > ../../../../../../@vite/client:516:55

17:25:26 [vite] (client) [Unhandled error] Error: ResizeObserver loop completed with undelivered notifications.
 > ../../../../../../@vite/client:516:55

17:27:16 [vite] (client) [Unhandled error] Error: ResizeObserver loop completed with undelivered notifications.
 > ../../../../../../@vite/client:516:55

17:27:16 [vite] (client) [Unhandled error] Error: ResizeObserver loop completed with undelivered notifications.
 > ../../../../../../@vite/client:516:55

17:27:16 [vite] (client) [Unhandled error] Error: ResizeObserver loop completed with undelivered notifications.
 > ../../../../../../@vite/client:516:55

17:27:16 [vite] (client) [Unhandled error] Error: ResizeObserver loop completed with undelivered notifications.
 > ../../../../../../@vite/client:516:55

17:27:16 [vite] (client) [Unhandled error] Error: ResizeObserver loop completed with undelivered notifications.
 > ../../../../../../@vite/client:516:55

17:27:16 [vite] (client) [Unhandled error] Error: ResizeObserver loop completed with undelivered notifications.
 > ../../../../../../@vite/client:516:55

17:27:16 [vite] (client) [Unhandled error] Error: ResizeObserver loop completed with undelivered notifications.
 > ../../../../../../@vite/client:516:55

17:27:16 [vite] (client) [Unhandled error] Error: ResizeObserver loop completed with undelivered notifications.
 > ../../../../../../@vite/client:516:55

17:27:16 [vite] (client) [Unhandled error] Error: ResizeObserver loop completed with undelivered notifications.
 > ../../../../../../@vite/client:516:55

17:27:16 [vite] (client) [Unhandled error] Error: ResizeObserver loop completed with undelivered notifications.
 > ../../../../../../@vite/client:516:55

17:27:16 [vite] (client) [Unhandled error] Error: ResizeObserver loop completed with undelivered notifications.
 > ../../../../../../@vite/client:516:55

17:27:16 [vite] (client) [Unhandled error] Error: ResizeObserver loop completed with undelivered notifications.
 > ../../../../../../@vite/client:516:55

17:27:16 [vite] (client) [Unhandled error] Error: ResizeObserver loop completed with undelivered notifications.
 > ../../../../../../@vite/client:516:55

17:27:16 [vite] (client) [Unhandled error] Error: ResizeObserver loop completed with undelivered notifications.
 > ../../../../../../@vite/client:516:55

17:27:16 [vite] (client) [Unhandled error] Error: ResizeObserver loop completed with undelivered notifications.
 > ../../../../../../@vite/client:516:55

17:27:16 [vite] (client) [Unhandled error] Error: ResizeObserver loop completed with undelivered notifications.
 > ../../../../../../@vite/client:516:55

17:27:17 [vite] (client) [Unhandled error] Error: ResizeObserver loop completed with undelivered notifications.
 > ../../../../../../@vite/client:516:55

17:27:17 [vite] (client) [Unhandled error] Error: ResizeObserver loop completed with undelivered notifications.
 > ../../../../../../@vite/client:516:55

17:27:17 [vite] (client) [Unhandled error] Error: ResizeObserver loop completed with undelivered notifications.
 > ../../../../../../@vite/client:516:55

17:27:17 [vite] (client) [Unhandled error] Error: ResizeObserver loop completed with undelivered notifications.
 > ../../../../../../@vite/client:516:55

17:27:17 [vite] (client) [Unhandled error] Error: ResizeObserver loop completed with undelivered notifications.
 > ../../../../../../@vite/client:516:55

17:27:17 [vite] (client) [Unhandled error] Error: ResizeObserver loop completed with undelivered notifications.
 > ../../../../../../@vite/client:516:55

17:29:42 [vite] (client) hmr update /src/components/CrewFlow.tsx, /src/index.css
17:29:42 [vite] (client) [console.warn] [React Flow]: It looks like you've created a new nodeTypes or edgeTypes object. If this wasn't on purpose please define the nodeTypes/edgeTypes outside of the component or memoize them. Help: https://reactflow.dev/error#002
17:29:42 [vite] (client) [console.warn] [React Flow]: It looks like you've created a new nodeTypes or edgeTypes object. If this wasn't on purpose please define the nodeTypes/edgeTypes outside of the component or memoize them. Help: https://reactflow.dev/error#002
17:30:01 [vite] (client) hmr update /src/components/nodes/BaseNode.tsx, /src/index.css
17:30:32 [vite] (client) hmr update /src/components/nodes/BaseNode.tsx, /src/index.css
17:30:54 [vite] (client) hmr update /src/components/AgentDetailsDrawer.tsx, /src/index.css
17:31:17 [vite] (client) [console.warn] [React Flow]: It looks like you've created a new nodeTypes or edgeTypes object. If this wasn't on purpose please define the nodeTypes/edgeTypes outside of the component or memoize them. Help: https://reactflow.dev/error#002
17:31:17 [vite] (client) [console.warn] [React Flow]: It looks like you've created a new nodeTypes or edgeTypes object. If this wasn't on purpose please define the nodeTypes/edgeTypes outside of the component or memoize them. Help: https://reactflow.dev/error#002
17:38:35 [vite] (client) [Unhandled error] Error: ResizeObserver loop completed with undelivered notifications.
 > ../../../../../../@vite/client:516:55

17:38:35 [vite] (client) [Unhandled error] Error: ResizeObserver loop completed with undelivered notifications.
 > ../../../../../../@vite/client:516:55

17:38:35 [vite] (client) [Unhandled error] Error: ResizeObserver loop completed with undelivered notifications.
 > ../../../../../../@vite/client:516:55

17:38:35 [vite] (client) [Unhandled error] Error: ResizeObserver loop completed with undelivered notifications.
 > ../../../../../../@vite/client:516:55

17:38:40 [vite] (client) [Unhandled error] Error: ResizeObserver loop completed with undelivered notifications.
 > ../../../../../../@vite/client:516:55

17:38:40 [vite] (client) [Unhandled error] Error: ResizeObserver loop completed with undelivered notifications.
 > ../../../../../../@vite/client:516:55

17:38:40 [vite] (client) [Unhandled error] Error: ResizeObserver loop completed with undelivered notifications.
 > ../../../../../../@vite/client:516:55

17:38:40 [vite] (client) [Unhandled error] Error: ResizeObserver loop completed with undelivered notifications.
 > ../../../../../../@vite/client:516:55

17:38:40 [vite] (client) [Unhandled error] Error: ResizeObserver loop completed with undelivered notifications.
 > ../../../../../../@vite/client:516:55

17:38:40 [vite] (client) [Unhandled error] Error: ResizeObserver loop completed with undelivered notifications.
 > ../../../../../../@vite/client:516:55

17:38:40 [vite] (client) [Unhandled error] Error: ResizeObserver loop completed with undelivered notifications.
 > ../../../../../../@vite/client:516:55

17:38:40 [vite] (client) [Unhandled error] Error: ResizeObserver loop completed with undelivered notifications.
 > ../../../../../../@vite/client:516:55

17:38:40 [vite] (client) [Unhandled error] Error: ResizeObserver loop completed with undelivered notifications.
 > ../../../../../../@vite/client:516:55

17:38:40 [vite] (client) [Unhandled error] Error: ResizeObserver loop completed with undelivered notifications.
 > ../../../../../../@vite/client:516:55

17:38:40 [vite] (client) [Unhandled error] Error: ResizeObserver loop completed with undelivered notifications.
 > ../../../../../../@vite/client:516:55

17:38:40 [vite] (client) [Unhandled error] Error: ResizeObserver loop completed with undelivered notifications.
 > ../../../../../../@vite/client:516:55

17:38:40 [vite] (client) [Unhandled error] Error: ResizeObserver loop completed with undelivered notifications.
 > ../../../../../../@vite/client:516:55

17:38:40 [vite] (client) [Unhandled error] Error: ResizeObserver loop completed with undelivered notifications.
 > ../../../../../../@vite/client:516:55

17:38:40 [vite] (client) [Unhandled error] Error: ResizeObserver loop completed with undelivered notifications.
 > ../../../../../../@vite/client:516:55

17:38:40 [vite] (client) [Unhandled error] Error: ResizeObserver loop completed with undelivered notifications.
 > ../../../../../../@vite/client:516:55

17:38:40 [vite] (client) [Unhandled error] Error: ResizeObserver loop completed with undelivered notifications.
 > ../../../../../../@vite/client:516:55

17:38:40 [vite] (client) [Unhandled error] Error: ResizeObserver loop completed with undelivered notifications.
 > ../../../../../../@vite/client:516:55

17:39:44 [vite] (client) [Unhandled error] Error: ResizeObserver loop completed with undelivered notifications.
 > ../../../../../../@vite/client:516:55

17:39:44 [vite] (client) [Unhandled error] Error: ResizeObserver loop completed with undelivered notifications.
 > ../../../../../../@vite/client:516:55

17:39:45 [vite] (client) [Unhandled error] Error: ResizeObserver loop completed with undelivered notifications.
 > ../../../../../../@vite/client:516:55

17:39:45 [vite] (client) [Unhandled error] Error: ResizeObserver loop completed with undelivered notifications.
 > ../../../../../../@vite/client:516:55

17:39:45 [vite] (client) [Unhandled error] Error: ResizeObserver loop completed with undelivered notifications.
 > ../../../../../../@vite/client:516:55

17:39:45 [vite] (client) [Unhandled error] Error: ResizeObserver loop completed with undelivered notifications.
 > ../../../../../../@vite/client:516:55

17:39:45 [vite] (client) [Unhandled error] Error: ResizeObserver loop completed with undelivered notifications.
 > ../../../../../../@vite/client:516:55

17:39:45 [vite] (client) [Unhandled error] Error: ResizeObserver loop completed with undelivered notifications.
 > ../../../../../../@vite/client:516:55

17:39:45 [vite] (client) [Unhandled error] Error: ResizeObserver loop completed with undelivered notifications.
 > ../../../../../../@vite/client:516:55

17:39:45 [vite] (client) [Unhandled error] Error: ResizeObserver loop completed with undelivered notifications.
 > ../../../../../../@vite/client:516:55

17:39:45 [vite] (client) [Unhandled error] Error: ResizeObserver loop completed with undelivered notifications.
 > ../../../../../../@vite/client:516:55

17:39:45 [vite] (client) [Unhandled error] Error: ResizeObserver loop completed with undelivered notifications.
 > ../../../../../../@vite/client:516:55

17:39:45 [vite] (client) [Unhandled error] Error: ResizeObserver loop completed with undelivered notifications.
 > ../../../../../../@vite/client:516:55

17:39:45 [vite] (client) [Unhandled error] Error: ResizeObserver loop completed with undelivered notifications.
 > ../../../../../../@vite/client:516:55

17:39:45 [vite] (client) [Unhandled error] Error: ResizeObserver loop completed with undelivered notifications.
 > ../../../../../../@vite/client:516:55

17:39:45 [vite] (client) [Unhandled error] Error: ResizeObserver loop completed with undelivered notifications.
 > ../../../../../../@vite/client:516:55

17:39:45 [vite] (client) [Unhandled error] Error: ResizeObserver loop completed with undelivered notifications.
 > ../../../../../../@vite/client:516:55

17:39:45 [vite] (client) [Unhandled error] Error: ResizeObserver loop completed with undelivered notifications.
 > ../../../../../../@vite/client:516:55

17:39:45 [vite] (client) [Unhandled error] Error: ResizeObserver loop completed with undelivered notifications.
 > ../../../../../../@vite/client:516:55

17:44:28 [vite] (client) [Unhandled error] Error: ResizeObserver loop completed with undelivered notifications.
 > ../../../../../../@vite/client:516:55

17:44:28 [vite] (client) [Unhandled error] Error: ResizeObserver loop completed with undelivered notifications.
 > ../../../../../../@vite/client:516:55

17:44:28 [vite] (client) [Unhandled error] Error: ResizeObserver loop completed with undelivered notifications.
 > ../../../../../../@vite/client:516:55

17:44:28 [vite] (client) [Unhandled error] Error: ResizeObserver loop completed with undelivered notifications.
 > ../../../../../../@vite/client:516:55

17:44:28 [vite] (client) [Unhandled error] Error: ResizeObserver loop completed with undelivered notifications.
 > ../../../../../../@vite/client:516:55

17:44:28 [vite] (client) [Unhandled error] Error: ResizeObserver loop completed with undelivered notifications.
 > ../../../../../../@vite/client:516:55

17:44:28 [vite] (client) [Unhandled error] Error: ResizeObserver loop completed with undelivered notifications.
 > ../../../../../../@vite/client:516:55

17:44:28 [vite] (client) [Unhandled error] Error: ResizeObserver loop completed with undelivered notifications.
 > ../../../../../../@vite/client:516:55

17:44:28 [vite] (client) [Unhandled error] Error: ResizeObserver loop completed with undelivered notifications.
 > ../../../../../../@vite/client:516:55

17:44:28 [vite] (client) [Unhandled error] Error: ResizeObserver loop completed with undelivered notifications.
 > ../../../../../../@vite/client:516:55

17:44:28 [vite] (client) [Unhandled error] Error: ResizeObserver loop completed with undelivered notifications.
 > ../../../../../../@vite/client:516:55

17:44:28 [vite] (client) [Unhandled error] Error: ResizeObserver loop completed with undelivered notifications.
 > ../../../../../../@vite/client:516:55

17:44:28 [vite] (client) [Unhandled error] Error: ResizeObserver loop completed with undelivered notifications.
 > ../../../../../../@vite/client:516:55

17:44:28 [vite] (client) [Unhandled error] Error: ResizeObserver loop completed with undelivered notifications.
 > ../../../../../../@vite/client:516:55

17:44:28 [vite] (client) [Unhandled error] Error: ResizeObserver loop completed with undelivered notifications.
 > ../../../../../../@vite/client:516:55

17:44:28 [vite] (client) [Unhandled error] Error: ResizeObserver loop completed with undelivered notifications.
 > ../../../../../../@vite/client:516:55

17:44:28 [vite] (client) [Unhandled error] Error: ResizeObserver loop completed with undelivered notifications.
 > ../../../../../../@vite/client:516:55

17:44:28 [vite] (client) [Unhandled error] Error: ResizeObserver loop completed with undelivered notifications.
 > ../../../../../../@vite/client:516:55

17:44:28 [vite] (client) [Unhandled error] Error: ResizeObserver loop completed with undelivered notifications.
 > ../../../../../../@vite/client:516:55

17:44:28 [vite] (client) [Unhandled error] Error: ResizeObserver loop completed with undelivered notifications.
 > ../../../../../../@vite/client:516:55

17:44:28 [vite] (client) [Unhandled error] Error: ResizeObserver loop completed with undelivered notifications.
 > ../../../../../../@vite/client:516:55

17:44:29 [vite] (client) [Unhandled error] Error: ResizeObserver loop completed with undelivered notifications.
 > ../../../../../../@vite/client:516:55

17:44:29 [vite] (client) [Unhandled error] Error: ResizeObserver loop completed with undelivered notifications.
 > ../../../../../../@vite/client:516:55

17:44:29 [vite] (client) [Unhandled error] Error: ResizeObserver loop completed with undelivered notifications.
 > ../../../../../../@vite/client:516:55

17:44:29 [vite] (client) [Unhandled error] Error: ResizeObserver loop completed with undelivered notifications.
 > ../../../../../../@vite/client:516:55

17:44:29 [vite] (client) [Unhandled error] Error: ResizeObserver loop completed with undelivered notifications.
 > ../../../../../../@vite/client:516:55

17:44:29 [vite] (client) [Unhandled error] Error: ResizeObserver loop completed with undelivered notifications.
 > ../../../../../../@vite/client:516:55

17:44:29 [vite] (client) [Unhandled error] Error: ResizeObserver loop completed with undelivered notifications.
 > ../../../../../../@vite/client:516:55

17:44:29 [vite] (client) [Unhandled error] Error: ResizeObserver loop completed with undelivered notifications.
 > ../../../../../../@vite/client:516:55

17:46:01 [vite] (client) [console.warn] [React Flow]: It looks like you've created a new nodeTypes or edgeTypes object. If this wasn't on purpose please define the nodeTypes/edgeTypes outside of the component or memoize them. Help: https://reactflow.dev/error#002
17:46:01 [vite] (client) [console.warn] [React Flow]: It looks like you've created a new nodeTypes or edgeTypes object. If this wasn't on purpose please define the nodeTypes/edgeTypes outside of the component or memoize them. Help: https://reactflow.dev/error#002
17:48:04 [vite] (client) hmr update /src/index.css
17:48:27 [vite] (client) hmr update /src/components/nodes/BaseNode.tsx, /src/index.css
17:48:44 [vite] (client) hmr update /src/components/AgentDetailsDrawer.tsx, /src/index.css
17:49:01 [vite] (client) [console.warn] [React Flow]: It looks like you've created a new nodeTypes or edgeTypes object. If this wasn't on purpose please define the nodeTypes/edgeTypes outside of the component or memoize them. Help: https://reactflow.dev/error#002
17:49:01 [vite] (client) [console.warn] [React Flow]: It looks like you've created a new nodeTypes or edgeTypes object. If this wasn't on purpose please define the nodeTypes/edgeTypes outside of the component or memoize them. Help: https://reactflow.dev/error#002
17:50:09 [vite] (client) [Unhandled error] Error: ResizeObserver loop completed with undelivered notifications.
 > ../../../../../../@vite/client:516:55

17:50:09 [vite] (client) [Unhandled error] Error: ResizeObserver loop completed with undelivered notifications.
 > ../../../../../../@vite/client:516:55

17:50:09 [vite] (client) [Unhandled error] Error: ResizeObserver loop completed with undelivered notifications.
 > ../../../../../../@vite/client:516:55

17:50:09 [vite] (client) [Unhandled error] Error: ResizeObserver loop completed with undelivered notifications.
 > ../../../../../../@vite/client:516:55

17:50:10 [vite] (client) [Unhandled error] Error: ResizeObserver loop completed with undelivered notifications.
 > ../../../../../../@vite/client:516:55

17:53:40 [vite] (client) hmr update /src/components/CrewFlow.tsx, /src/index.css
17:53:40 [vite] (client) [console.warn] [React Flow]: It looks like you've created a new nodeTypes or edgeTypes object. If this wasn't on purpose please define the nodeTypes/edgeTypes outside of the component or memoize them. Help: https://reactflow.dev/error#002
17:53:40 [vite] (client) [console.warn] [React Flow]: It looks like you've created a new nodeTypes or edgeTypes object. If this wasn't on purpose please define the nodeTypes/edgeTypes outside of the component or memoize them. Help: https://reactflow.dev/error#002
17:53:41 [vite] (client) [console.warn] [React Flow]: It looks like you've created a new nodeTypes or edgeTypes object. If this wasn't on purpose please define the nodeTypes/edgeTypes outside of the component or memoize them. Help: https://reactflow.dev/error#002
17:53:41 [vite] (client) [console.warn] [React Flow]: It looks like you've created a new nodeTypes or edgeTypes object. If this wasn't on purpose please define the nodeTypes/edgeTypes outside of the component or memoize them. Help: https://reactflow.dev/error#002
17:54:01 [vite] (client) hmr update /src/components/nodes/BaseNode.tsx, /src/index.css
17:54:34 [vite] (client) [console.warn] [React Flow]: It looks like you've created a new nodeTypes or edgeTypes object. If this wasn't on purpose please define the nodeTypes/edgeTypes outside of the component or memoize them. Help: https://reactflow.dev/error#002
17:54:34 [vite] (client) [console.warn] [React Flow]: It looks like you've created a new nodeTypes or edgeTypes object. If this wasn't on purpose please define the nodeTypes/edgeTypes outside of the component or memoize them. Help: https://reactflow.dev/error#002
17:57:46 [vite] (client) hmr update /src/components/AgentDetailsDrawer.tsx, /src/index.css
17:57:48 [vite] (client) [Unhandled error] ReferenceError: fileStats is not defined
 > src/components/AgentDetailsDrawer.tsx:623:80
    621 |                                                              </button>
    622 |                                                          </div>
    623 |                                                          {filename === f.name && fileStats && (
        |                                                                                  ^
    624 |                                                              <div className="px-3 py-3 bg-black/60 rounded-xl border b...
    625 |                                                                  <div className="text-[7px] font-black text-[var(--acc...
 > AgentDetailsDrawer src/components/AgentDetailsDrawer.tsx:599:63
 > Object.react_stack_bottom_frame node_modules/react-dom/cjs/react-dom-client.development.js:25904:19
 > renderWithHooks node_modules/react-dom/cjs/react-dom-client.development.js:7662:21
 > updateFunctionComponent node_modules/react-dom/cjs/react-dom-client.development.js:10166:18
 > beginWork node_modules/react-dom/cjs/react-dom-client.development.js:11778:17
 > runWithFiberInDEV node_modules/react-dom/cjs/react-dom-client.development.js:871:29
 > performUnitOfWork node_modules/react-dom/cjs/react-dom-client.development.js:17641:21
 > workLoopSync node_modules/react-dom/cjs/react-dom-client.development.js:17469:40

17:57:48 [vite] (client) [console.warn] An error occurred in the <AgentDetailsDrawer> component.

Consider adding an error boundary to your tree to customize error handling behavior.
Visit https://react.dev/link/error-boundaries to learn more about error boundaries.

17:58:13 [vite] (client) hmr update /src/components/AgentDetailsDrawer.tsx, /src/index.css
17:58:14 [vite] (client) [console.warn] [React Flow]: It looks like you've created a new nodeTypes or edgeTypes object. If this wasn't on purpose please define the nodeTypes/edgeTypes outside of the component or memoize them. Help: https://reactflow.dev/error#002
17:58:14 [vite] (client) [console.warn] [React Flow]: It looks like you've created a new nodeTypes or edgeTypes object. If this wasn't on purpose please define the nodeTypes/edgeTypes outside of the component or memoize them. Help: https://reactflow.dev/error#002
17:58:32 [vite] (client) [console.warn] [React Flow]: It looks like you've created a new nodeTypes or edgeTypes object. If this wasn't on purpose please define the nodeTypes/edgeTypes outside of the component or memoize them. Help: https://reactflow.dev/error#002
17:58:32 [vite] (client) [console.warn] [React Flow]: It looks like you've created a new nodeTypes or edgeTypes object. If this wasn't on purpose please define the nodeTypes/edgeTypes outside of the component or memoize them. Help: https://reactflow.dev/error#002
18:00:10 [vite] (client) [Unhandled error] Error: ResizeObserver loop completed with undelivered notifications.
 > ../../../../../../@vite/client:516:55

18:00:10 [vite] (client) [Unhandled error] Error: ResizeObserver loop completed with undelivered notifications.
 > ../../../../../../@vite/client:516:55

18:00:10 [vite] (client) [Unhandled error] Error: ResizeObserver loop completed with undelivered notifications.
 > ../../../../../../@vite/client:516:55

18:00:10 [vite] (client) [Unhandled error] Error: ResizeObserver loop completed with undelivered notifications.
 > ../../../../../../@vite/client:516:55

18:00:10 [vite] (client) [Unhandled error] Error: ResizeObserver loop completed with undelivered notifications.
 > ../../../../../../@vite/client:516:55

18:00:10 [vite] (client) [Unhandled error] Error: ResizeObserver loop completed with undelivered notifications.
 > ../../../../../../@vite/client:516:55

18:00:10 [vite] (client) [Unhandled error] Error: ResizeObserver loop completed with undelivered notifications.
 > ../../../../../../@vite/client:516:55

18:00:10 [vite] (client) [Unhandled error] Error: ResizeObserver loop completed with undelivered notifications.
 > ../../../../../../@vite/client:516:55

18:00:10 [vite] (client) [Unhandled error] Error: ResizeObserver loop completed with undelivered notifications.
 > ../../../../../../@vite/client:516:55

18:00:10 [vite] (client) [Unhandled error] Error: ResizeObserver loop completed with undelivered notifications.
 > ../../../../../../@vite/client:516:55

18:00:10 [vite] (client) [Unhandled error] Error: ResizeObserver loop completed with undelivered notifications.
 > ../../../../../../@vite/client:516:55

18:00:10 [vite] (client) [Unhandled error] Error: ResizeObserver loop completed with undelivered notifications.
 > ../../../../../../@vite/client:516:55

18:00:10 [vite] (client) [Unhandled error] Error: ResizeObserver loop completed with undelivered notifications.
 > ../../../../../../@vite/client:516:55

18:00:10 [vite] (client) [Unhandled error] Error: ResizeObserver loop completed with undelivered notifications.
 > ../../../../../../@vite/client:516:55

18:00:10 [vite] (client) [Unhandled error] Error: ResizeObserver loop completed with undelivered notifications.
 > ../../../../../../@vite/client:516:55

18:00:10 [vite] (client) [Unhandled error] Error: ResizeObserver loop completed with undelivered notifications.
 > ../../../../../../@vite/client:516:55

18:00:10 [vite] (client) [Unhandled error] Error: ResizeObserver loop completed with undelivered notifications.
 > ../../../../../../@vite/client:516:55

18:00:10 [vite] (client) [Unhandled error] Error: ResizeObserver loop completed with undelivered notifications.
 > ../../../../../../@vite/client:516:55

18:00:11 [vite] (client) [Unhandled error] Error: ResizeObserver loop completed with undelivered notifications.
 > ../../../../../../@vite/client:516:55

18:00:11 [vite] (client) [Unhandled error] Error: ResizeObserver loop completed with undelivered notifications.
 > ../../../../../../@vite/client:516:55

18:00:11 [vite] (client) [Unhandled error] Error: ResizeObserver loop completed with undelivered notifications.
 > ../../../../../../@vite/client:516:55

18:02:26 [vite] (client) hmr update /src/components/AgentDetailsDrawer.tsx, /src/index.css
18:02:43 [vite] (client) [console.warn] [React Flow]: It looks like you've created a new nodeTypes or edgeTypes object. If this wasn't on purpose please define the nodeTypes/edgeTypes outside of the component or memoize them. Help: https://reactflow.dev/error#002
18:02:43 [vite] (client) [console.warn] [React Flow]: It looks like you've created a new nodeTypes or edgeTypes object. If this wasn't on purpose please define the nodeTypes/edgeTypes outside of the component or memoize them. Help: https://reactflow.dev/error#002
18:05:29 [vite] (client) [console.warn] [React Flow]: It looks like you've created a new nodeTypes or edgeTypes object. If this wasn't on purpose please define the nodeTypes/edgeTypes outside of the component or memoize them. Help: https://reactflow.dev/error#002
18:05:29 [vite] (client) [console.warn] [React Flow]: It looks like you've created a new nodeTypes or edgeTypes object. If this wasn't on purpose please define the nodeTypes/edgeTypes outside of the component or memoize them. Help: https://reactflow.dev/error#002
18:05:29 [vite] (client) [console.warn] [React Flow]: It looks like you've created a new nodeTypes or edgeTypes object. If this wasn't on purpose please define the nodeTypes/edgeTypes outside of the component or memoize them. Help: https://reactflow.dev/error#002
18:05:29 [vite] (client) [console.warn] [React Flow]: It looks like you've created a new nodeTypes or edgeTypes object. If this wasn't on purpose please define the nodeTypes/edgeTypes outside of the component or memoize them. Help: https://reactflow.dev/error#002
18:05:39 [vite] (client) hmr update /src/components/AgentDetailsDrawer.tsx, /src/index.css
18:05:42 [vite] (client) [Unhandled error] ReferenceError: DataPreviewStudio is not defined
 > AgentDetailsDrawer src/components/AgentDetailsDrawer.tsx:708:45
    706 |                                      {inputData && (
    707 |                                          <Section title="Data Health & Sourcing Grid" icon="📊">
    708 |                                              <DataPreviewStudio
        |                                               ^
    709 |                                                  data={inputData}
    710 |                                                  completeness={fileStats?.completeness}
 > Object.react_stack_bottom_frame node_modules/react-dom/cjs/react-dom-client.development.js:25904:19
 > renderWithHooks node_modules/react-dom/cjs/react-dom-client.development.js:7662:21
 > updateFunctionComponent node_modules/react-dom/cjs/react-dom-client.development.js:10166:18
 > beginWork node_modules/react-dom/cjs/react-dom-client.development.js:11778:17
 > runWithFiberInDEV node_modules/react-dom/cjs/react-dom-client.development.js:871:29
 > performUnitOfWork node_modules/react-dom/cjs/react-dom-client.development.js:17641:21
 > workLoopSync node_modules/react-dom/cjs/react-dom-client.development.js:17469:40
 > renderRootSync node_modules/react-dom/cjs/react-dom-client.development.js:17450:10
 > performWorkOnRoot node_modules/react-dom/cjs/react-dom-client.development.js:16583:34

18:05:42 [vite] (client) [console.warn] An error occurred in the <AgentDetailsDrawer> component.

Consider adding an error boundary to your tree to customize error handling behavior.
Visit https://react.dev/link/error-boundaries to learn more about error boundaries.

18:05:52 [vite] (client) hmr update /src/components/AgentDetailsDrawer.tsx, /src/index.css
18:05:52 [vite] (client) [console.warn] [React Flow]: It looks like you've created a new nodeTypes or edgeTypes object. If this wasn't on purpose please define the nodeTypes/edgeTypes outside of the component or memoize them. Help: https://reactflow.dev/error#002
18:05:52 [vite] (client) [console.warn] [React Flow]: It looks like you've created a new nodeTypes or edgeTypes object. If this wasn't on purpose please define the nodeTypes/edgeTypes outside of the component or memoize them. Help: https://reactflow.dev/error#002
18:05:54 [vite] (client) [Unhandled error] TypeError: Cannot convert undefined or null to object
 > src/components/DataPreviewStudio.tsx:12:22
    10 |      const columns = useMemo(() => {
    11 |          if (!data || data.length === 0) return [];
    12 |          return Object.keys(data[0]);
       |                        ^
    13 |      }, [data]);
    14 |  
 > mountMemo node_modules/react-dom/cjs/react-dom-client.development.js:8777:22
 > Object.useMemo node_modules/react-dom/cjs/react-dom-client.development.js:26216:17
 > exports.useMemo node_modules/react/cjs/react.development.js:1251:33
 > DataPreviewStudio src/components/DataPreviewStudio.tsx:10:20
 > Object.react_stack_bottom_frame node_modules/react-dom/cjs/react-dom-client.development.js:25904:19
 > renderWithHooks node_modules/react-dom/cjs/react-dom-client.development.js:7662:21
 > updateFunctionComponent node_modules/react-dom/cjs/react-dom-client.development.js:10166:18
 > beginWork node_modules/react-dom/cjs/react-dom-client.development.js:11778:17

18:05:54 [vite] (client) [console.warn] An error occurred in the <DataPreviewStudio> component.

Consider adding an error boundary to your tree to customize error handling behavior.
Visit https://react.dev/link/error-boundaries to learn more about error boundaries.

18:06:07 [vite] (client) [console.warn] [React Flow]: It looks like you've created a new nodeTypes or edgeTypes object. If this wasn't on purpose please define the nodeTypes/edgeTypes outside of the component or memoize them. Help: https://reactflow.dev/error#002
18:06:07 [vite] (client) [console.warn] [React Flow]: It looks like you've created a new nodeTypes or edgeTypes object. If this wasn't on purpose please define the nodeTypes/edgeTypes outside of the component or memoize them. Help: https://reactflow.dev/error#002
18:06:31 [vite] (client) [Unhandled error] TypeError: Cannot convert undefined or null to object
 > src/components/DataPreviewStudio.tsx:12:22
    10 |      const columns = useMemo(() => {
    11 |          if (!data || data.length === 0) return [];
    12 |          return Object.keys(data[0]);
       |                        ^
    13 |      }, [data]);
    14 |  
 > mountMemo node_modules/react-dom/cjs/react-dom-client.development.js:8777:22
 > Object.useMemo node_modules/react-dom/cjs/react-dom-client.development.js:26216:17
 > exports.useMemo node_modules/react/cjs/react.development.js:1251:33
 > DataPreviewStudio src/components/DataPreviewStudio.tsx:10:20
 > Object.react_stack_bottom_frame node_modules/react-dom/cjs/react-dom-client.development.js:25904:19
 > renderWithHooks node_modules/react-dom/cjs/react-dom-client.development.js:7662:21
 > updateFunctionComponent node_modules/react-dom/cjs/react-dom-client.development.js:10166:18
 > beginWork node_modules/react-dom/cjs/react-dom-client.development.js:11778:17

18:06:31 [vite] (client) [console.warn] An error occurred in the <DataPreviewStudio> component.

Consider adding an error boundary to your tree to customize error handling behavior.
Visit https://react.dev/link/error-boundaries to learn more about error boundaries.

18:06:33 [vite] (client) [Unhandled error] TypeError: Cannot convert undefined or null to object
 > src/components/DataPreviewStudio.tsx:12:22
    10 |      const columns = useMemo(() => {
    11 |          if (!data || data.length === 0) return [];
    12 |          return Object.keys(data[0]);
       |                        ^
    13 |      }, [data]);
    14 |  
 > mountMemo node_modules/react-dom/cjs/react-dom-client.development.js:8777:22
 > Object.useMemo node_modules/react-dom/cjs/react-dom-client.development.js:26216:17
 > exports.useMemo node_modules/react/cjs/react.development.js:1251:33
 > DataPreviewStudio src/components/DataPreviewStudio.tsx:10:20
 > Object.react_stack_bottom_frame node_modules/react-dom/cjs/react-dom-client.development.js:25904:19
 > renderWithHooks node_modules/react-dom/cjs/react-dom-client.development.js:7662:21
 > updateFunctionComponent node_modules/react-dom/cjs/react-dom-client.development.js:10166:18
 > beginWork node_modules/react-dom/cjs/react-dom-client.development.js:11778:17

18:06:33 [vite] (client) [console.warn] An error occurred in the <DataPreviewStudio> component.

Consider adding an error boundary to your tree to customize error handling behavior.
Visit https://react.dev/link/error-boundaries to learn more about error boundaries.

18:06:48 [vite] (client) [console.warn] [React Flow]: It looks like you've created a new nodeTypes or edgeTypes object. If this wasn't on purpose please define the nodeTypes/edgeTypes outside of the component or memoize them. Help: https://reactflow.dev/error#002
18:06:48 [vite] (client) [console.warn] [React Flow]: It looks like you've created a new nodeTypes or edgeTypes object. If this wasn't on purpose please define the nodeTypes/edgeTypes outside of the component or memoize them. Help: https://reactflow.dev/error#002
18:07:39 [vite] (client) [console.warn] [React Flow]: It looks like you've created a new nodeTypes or edgeTypes object. If this wasn't on purpose please define the nodeTypes/edgeTypes outside of the component or memoize them. Help: https://reactflow.dev/error#002
18:07:39 [vite] (client) [console.warn] [React Flow]: It looks like you've created a new nodeTypes or edgeTypes object. If this wasn't on purpose please define the nodeTypes/edgeTypes outside of the component or memoize them. Help: https://reactflow.dev/error#002
18:07:48 [vite] (client) [Unhandled error] TypeError: Cannot convert undefined or null to object
 > src/components/DataPreviewStudio.tsx:12:22
    10 |      const columns = useMemo(() => {
    11 |          if (!data || data.length === 0) return [];
    12 |          return Object.keys(data[0]);
       |                        ^
    13 |      }, [data]);
    14 |  
 > mountMemo node_modules/react-dom/cjs/react-dom-client.development.js:8777:22
 > Object.useMemo node_modules/react-dom/cjs/react-dom-client.development.js:26216:17
 > exports.useMemo node_modules/react/cjs/react.development.js:1251:33
 > DataPreviewStudio src/components/DataPreviewStudio.tsx:10:20
 > Object.react_stack_bottom_frame node_modules/react-dom/cjs/react-dom-client.development.js:25904:19
 > renderWithHooks node_modules/react-dom/cjs/react-dom-client.development.js:7662:21
 > updateFunctionComponent node_modules/react-dom/cjs/react-dom-client.development.js:10166:18
 > beginWork node_modules/react-dom/cjs/react-dom-client.development.js:11778:17

18:07:48 [vite] (client) [console.warn] An error occurred in the <DataPreviewStudio> component.

Consider adding an error boundary to your tree to customize error handling behavior.
Visit https://react.dev/link/error-boundaries to learn more about error boundaries.

18:08:01 [vite] (client) [Unhandled error] TypeError: Cannot convert undefined or null to object
 > src/components/DataPreviewStudio.tsx:12:22
    10 |      const columns = useMemo(() => {
    11 |          if (!data || data.length === 0) return [];
    12 |          return Object.keys(data[0]);
       |                        ^
    13 |      }, [data]);
    14 |  
 > mountMemo node_modules/react-dom/cjs/react-dom-client.development.js:8777:22
 > Object.useMemo node_modules/react-dom/cjs/react-dom-client.development.js:26216:17
 > exports.useMemo node_modules/react/cjs/react.development.js:1251:33
 > DataPreviewStudio src/components/DataPreviewStudio.tsx:10:20
 > Object.react_stack_bottom_frame node_modules/react-dom/cjs/react-dom-client.development.js:25904:19
 > renderWithHooks node_modules/react-dom/cjs/react-dom-client.development.js:7662:21
 > updateFunctionComponent node_modules/react-dom/cjs/react-dom-client.development.js:10166:18
 > beginWork node_modules/react-dom/cjs/react-dom-client.development.js:11778:17

18:08:01 [vite] (client) [console.warn] An error occurred in the <DataPreviewStudio> component.

Consider adding an error boundary to your tree to customize error handling behavior.
Visit https://react.dev/link/error-boundaries to learn more about error boundaries.

18:09:01 [vite] (client) [console.warn] [React Flow]: It looks like you've created a new nodeTypes or edgeTypes object. If this wasn't on purpose please define the nodeTypes/edgeTypes outside of the component or memoize them. Help: https://reactflow.dev/error#002
18:09:01 [vite] (client) [console.warn] [React Flow]: It looks like you've created a new nodeTypes or edgeTypes object. If this wasn't on purpose please define the nodeTypes/edgeTypes outside of the component or memoize them. Help: https://reactflow.dev/error#002
18:09:29 [vite] (client) [Unhandled error] TypeError: Cannot convert undefined or null to object
 > src/components/DataPreviewStudio.tsx:12:22
    10 |      const columns = useMemo(() => {
    11 |          if (!data || data.length === 0) return [];
    12 |          return Object.keys(data[0]);
       |                        ^
    13 |      }, [data]);
    14 |  
 > mountMemo node_modules/react-dom/cjs/react-dom-client.development.js:8777:22
 > Object.useMemo node_modules/react-dom/cjs/react-dom-client.development.js:26216:17
 > exports.useMemo node_modules/react/cjs/react.development.js:1251:33
 > DataPreviewStudio src/components/DataPreviewStudio.tsx:10:20
 > Object.react_stack_bottom_frame node_modules/react-dom/cjs/react-dom-client.development.js:25904:19
 > renderWithHooks node_modules/react-dom/cjs/react-dom-client.development.js:7662:21
 > updateFunctionComponent node_modules/react-dom/cjs/react-dom-client.development.js:10166:18
 > beginWork node_modules/react-dom/cjs/react-dom-client.development.js:11778:17

18:09:29 [vite] (client) [console.warn] An error occurred in the <DataPreviewStudio> component.

Consider adding an error boundary to your tree to customize error handling behavior.
Visit https://react.dev/link/error-boundaries to learn more about error boundaries.

18:09:59 [vite] (client) [console.warn] [React Flow]: It looks like you've created a new nodeTypes or edgeTypes object. If this wasn't on purpose please define the nodeTypes/edgeTypes outside of the component or memoize them. Help: https://reactflow.dev/error#002
18:09:59 [vite] (client) [console.warn] [React Flow]: It looks like you've created a new nodeTypes or edgeTypes object. If this wasn't on purpose please define the nodeTypes/edgeTypes outside of the component or memoize them. Help: https://reactflow.dev/error#002
18:10:15 [vite] (client) hmr update /src/index.css, /src/components/DataPreviewStudio.tsx
18:10:16 [vite] (client) [console.warn] [React Flow]: It looks like you've created a new nodeTypes or edgeTypes object. If this wasn't on purpose please define the nodeTypes/edgeTypes outside of the component or memoize them. Help: https://reactflow.dev/error#002
18:10:16 [vite] (client) [console.warn] [React Flow]: It looks like you've created a new nodeTypes or edgeTypes object. If this wasn't on purpose please define the nodeTypes/edgeTypes outside of the component or memoize them. Help: https://reactflow.dev/error#002
18:12:12 [vite] (client) hmr update /src/components/AgentDetailsDrawer.tsx, /src/index.css
18:12:20 [vite] (client) [Unhandled error] TypeError: data.slice is not a function
 > DataPreviewStudio src/components/DataPreviewStudio.tsx:63:34
    61 |                          </thead>
    62 |                          <tbody className="divide-y divide-white/[0.02]">
    63 |                              {data.slice(0, 50).map((row, idx) => (
       |                                    ^
    64 |                                  <tr key={idx} className="group/row hover:bg-white/[0.02] transition-all">
    65 |                                      {columns.map(col => (
 > Object.react_stack_bottom_frame node_modules/react-dom/cjs/react-dom-client.development.js:25904:19
 > renderWithHooks node_modules/react-dom/cjs/react-dom-client.development.js:7662:21
 > updateFunctionComponent node_modules/react-dom/cjs/react-dom-client.development.js:10166:18
 > beginWork node_modules/react-dom/cjs/react-dom-client.development.js:11778:17
 > runWithFiberInDEV node_modules/react-dom/cjs/react-dom-client.development.js:871:29
 > performUnitOfWork node_modules/react-dom/cjs/react-dom-client.development.js:17641:21
 > workLoopSync node_modules/react-dom/cjs/react-dom-client.development.js:17469:40
 > renderRootSync node_modules/react-dom/cjs/react-dom-client.development.js:17450:10
 > performWorkOnRoot node_modules/react-dom/cjs/react-dom-client.development.js:16583:34

18:12:20 [vite] (client) [console.warn] An error occurred in the <DataPreviewStudio> component.

Consider adding an error boundary to your tree to customize error handling behavior.
Visit https://react.dev/link/error-boundaries to learn more about error boundaries.

18:12:29 [vite] (client) [console.warn] [React Flow]: It looks like you've created a new nodeTypes or edgeTypes object. If this wasn't on purpose please define the nodeTypes/edgeTypes outside of the component or memoize them. Help: https://reactflow.dev/error#002
18:12:29 [vite] (client) [console.warn] [React Flow]: It looks like you've created a new nodeTypes or edgeTypes object. If this wasn't on purpose please define the nodeTypes/edgeTypes outside of the component or memoize them. Help: https://reactflow.dev/error#002
18:12:39 [vite] (client) [Unhandled error] TypeError: data.slice is not a function
 > DataPreviewStudio src/components/DataPreviewStudio.tsx:63:34
    61 |                          </thead>
    62 |                          <tbody className="divide-y divide-white/[0.02]">
    63 |                              {data.slice(0, 50).map((row, idx) => (
       |                                    ^
    64 |                                  <tr key={idx} className="group/row hover:bg-white/[0.02] transition-all">
    65 |                                      {columns.map(col => (
 > Object.react_stack_bottom_frame node_modules/react-dom/cjs/react-dom-client.development.js:25904:19
 > renderWithHooks node_modules/react-dom/cjs/react-dom-client.development.js:7662:21
 > updateFunctionComponent node_modules/react-dom/cjs/react-dom-client.development.js:10166:18
 > beginWork node_modules/react-dom/cjs/react-dom-client.development.js:11778:17
 > runWithFiberInDEV node_modules/react-dom/cjs/react-dom-client.development.js:871:29
 > performUnitOfWork node_modules/react-dom/cjs/react-dom-client.development.js:17641:21
 > workLoopSync node_modules/react-dom/cjs/react-dom-client.development.js:17469:40
 > renderRootSync node_modules/react-dom/cjs/react-dom-client.development.js:17450:10
 > performWorkOnRoot node_modules/react-dom/cjs/react-dom-client.development.js:16583:34

18:12:39 [vite] (client) [console.warn] An error occurred in the <DataPreviewStudio> component.

Consider adding an error boundary to your tree to customize error handling behavior.
Visit https://react.dev/link/error-boundaries to learn more about error boundaries.

18:13:24 [vite] (client) [console.warn] [React Flow]: It looks like you've created a new nodeTypes or edgeTypes object. If this wasn't on purpose please define the nodeTypes/edgeTypes outside of the component or memoize them. Help: https://reactflow.dev/error#002
18:13:24 [vite] (client) [console.warn] [React Flow]: It looks like you've created a new nodeTypes or edgeTypes object. If this wasn't on purpose please define the nodeTypes/edgeTypes outside of the component or memoize them. Help: https://reactflow.dev/error#002
18:13:47 [vite] (client) [Unhandled error] TypeError: data.slice is not a function
 > DataPreviewStudio src/components/DataPreviewStudio.tsx:63:34
    61 |                          </thead>
    62 |                          <tbody className="divide-y divide-white/[0.02]">
    63 |                              {data.slice(0, 50).map((row, idx) => (
       |                                    ^
    64 |                                  <tr key={idx} className="group/row hover:bg-white/[0.02] transition-all">
    65 |                                      {columns.map(col => (
 > Object.react_stack_bottom_frame node_modules/react-dom/cjs/react-dom-client.development.js:25904:19
 > renderWithHooks node_modules/react-dom/cjs/react-dom-client.development.js:7662:21
 > updateFunctionComponent node_modules/react-dom/cjs/react-dom-client.development.js:10166:18
 > beginWork node_modules/react-dom/cjs/react-dom-client.development.js:11778:17
 > runWithFiberInDEV node_modules/react-dom/cjs/react-dom-client.development.js:871:29
 > performUnitOfWork node_modules/react-dom/cjs/react-dom-client.development.js:17641:21
 > workLoopSync node_modules/react-dom/cjs/react-dom-client.development.js:17469:40
 > renderRootSync node_modules/react-dom/cjs/react-dom-client.development.js:17450:10
 > performWorkOnRoot node_modules/react-dom/cjs/react-dom-client.development.js:16583:34

18:13:47 [vite] (client) [console.warn] An error occurred in the <DataPreviewStudio> component.

Consider adding an error boundary to your tree to customize error handling behavior.
Visit https://react.dev/link/error-boundaries to learn more about error boundaries.

18:15:28 [vite] (client) hmr update /src/components/AgentDetailsDrawer.tsx, /src/index.css
18:15:28 [vite] (client) [console.warn] [React Flow]: It looks like you've created a new nodeTypes or edgeTypes object. If this wasn't on purpose please define the nodeTypes/edgeTypes outside of the component or memoize them. Help: https://reactflow.dev/error#002
18:15:28 [vite] (client) [console.warn] [React Flow]: It looks like you've created a new nodeTypes or edgeTypes object. If this wasn't on purpose please define the nodeTypes/edgeTypes outside of the component or memoize them. Help: https://reactflow.dev/error#002
18:15:35 [vite] (client) [Unhandled error] TypeError: data.slice is not a function
 > DataPreviewStudio src/components/DataPreviewStudio.tsx:63:34
    61 |                          </thead>
    62 |                          <tbody className="divide-y divide-white/[0.02]">
    63 |                              {data.slice(0, 50).map((row, idx) => (
       |                                    ^
    64 |                                  <tr key={idx} className="group/row hover:bg-white/[0.02] transition-all">
    65 |                                      {columns.map(col => (
 > Object.react_stack_bottom_frame node_modules/react-dom/cjs/react-dom-client.development.js:25904:19
 > renderWithHooks node_modules/react-dom/cjs/react-dom-client.development.js:7662:21
 > updateFunctionComponent node_modules/react-dom/cjs/react-dom-client.development.js:10166:18
 > beginWork node_modules/react-dom/cjs/react-dom-client.development.js:11778:17
 > runWithFiberInDEV node_modules/react-dom/cjs/react-dom-client.development.js:871:29
 > performUnitOfWork node_modules/react-dom/cjs/react-dom-client.development.js:17641:21
 > workLoopSync node_modules/react-dom/cjs/react-dom-client.development.js:17469:40
 > renderRootSync node_modules/react-dom/cjs/react-dom-client.development.js:17450:10
 > performWorkOnRoot node_modules/react-dom/cjs/react-dom-client.development.js:16583:34

18:15:35 [vite] (client) [console.warn] An error occurred in the <DataPreviewStudio> component.

Consider adding an error boundary to your tree to customize error handling behavior.
Visit https://react.dev/link/error-boundaries to learn more about error boundaries.

18:15:38 [vite] (client) [console.warn] [React Flow]: It looks like you've created a new nodeTypes or edgeTypes object. If this wasn't on purpose please define the nodeTypes/edgeTypes outside of the component or memoize them. Help: https://reactflow.dev/error#002
18:15:38 [vite] (client) [console.warn] [React Flow]: It looks like you've created a new nodeTypes or edgeTypes object. If this wasn't on purpose please define the nodeTypes/edgeTypes outside of the component or memoize them. Help: https://reactflow.dev/error#002
18:15:55 [vite] (client) hmr update /src/components/AgentDetailsDrawer.tsx, /src/index.css
18:18:15 [vite] (client) [console.warn] [React Flow]: It looks like you've created a new nodeTypes or edgeTypes object. If this wasn't on purpose please define the nodeTypes/edgeTypes outside of the component or memoize them. Help: https://reactflow.dev/error#002
18:18:15 [vite] (client) [console.warn] [React Flow]: It looks like you've created a new nodeTypes or edgeTypes object. If this wasn't on purpose please define the nodeTypes/edgeTypes outside of the component or memoize them. Help: https://reactflow.dev/error#002
18:18:58 [vite] (client) [console.warn] [React Flow]: It looks like you've created a new nodeTypes or edgeTypes object. If this wasn't on purpose please define the nodeTypes/edgeTypes outside of the component or memoize them. Help: https://reactflow.dev/error#002
18:18:58 [vite] (client) [console.warn] [React Flow]: It looks like you've created a new nodeTypes or edgeTypes object. If this wasn't on purpose please define the nodeTypes/edgeTypes outside of the component or memoize them. Help: https://reactflow.dev/error#002
